# SUITE INVOCATIONS (main + subagents). tokens = share of issuing API call; carry = output chars/4 x later calls until compaction
suite/mode | runs | issuing-call tokens | output carry tokens | mean output chars | repeats with no intervening mutating call | tokens of those repeats
direct audit script | 1173 | 188.8M | 25.6M | 1243 | 281 | 46.2M
test_db_integrity | 498 | 99.6M | 10.4M | 1310 | 104 | 20.0M
research_batch_dod --session | 343 | 63.6M | 14.3M | 2024 | 64 | 11.8M
other tests/pytest | 302 | 56.5M | 9.5M | 855 | 42 | 8.7M
run_checks --changed-from | 248 | 75.3M | 11.7M | 1366 | 7 | 1.5M
run_checks --selftest | 155 | 33.9M | 3.8M | 809 | 0 | 0.0M
run_checks (bare/other) | 139 | 15.5M | 3.9M | 1942 | 35 | 5.3M
run_checks --all | 76 | 22.9M | 3.4M | 944 | 2 | 0.4M
preflight.sh | 63 | 11.5M | 2.0M | 1440 | 2 | 0.2M
run_checks --list | 45 | 5.4M | 3.7M | 2647 | 7 | 0.8M
research_batch_dod --selftest | 32 | 4.3M | 0.8M | 675 | 2 | 0.2M
run_checks --battery | 22 | 5.7M | 0.4M | 344 | 0 | 0.0M
research_batch_dod --all | 8 | 1.0M | 0.1M | 949 | 0 | 0.0M
run_checks --kinds | 3 | 0.5M | 0.0M | 2001 | 0 | 0.0M
TOTAL | 3107 | 584.4M | 89.6M | | 546 | 95.1M
stop-hook automatic research_batch_dod --all runs (not model-issued): 1407; Stop-hook attachment chars injected: 2639899

# PER SESSION runs
0e701d1b {'run_checks --changed-from': 4, 'research_batch_dod --session': 3, 'run_checks --battery': 3, 'test_db_integrity': 3, 'direct audit script': 3, 'run_checks --list': 1, 'research_batch_dod --selftest': 1, 'run_checks --selftest': 1} tokens 4.8M
1dc553b7 {'direct audit script': 21, 'run_checks (bare/other)': 12, 'other tests/pytest': 10, 'run_checks --changed-from': 3, 'run_checks --selftest': 2, 'research_batch_dod --session': 2, 'run_checks --list': 1, 'run_checks --all': 1} tokens 3.8M
292c6e38 {'direct audit script': 289, 'other tests/pytest': 129, 'test_db_integrity': 77, 'research_batch_dod --session': 58, 'run_checks --changed-from': 34, 'run_checks (bare/other)': 31, 'run_checks --selftest': 24, 'run_checks --all': 21, 'preflight.sh': 19, 'run_checks --list': 8, 'research_batch_dod --selftest': 7, 'research_batch_dod --all': 2, 'run_checks --kinds': 1} tokens 103.1M
2aa77402 {'research_batch_dod --session': 26, 'run_checks --all': 9, 'run_checks --selftest': 4, 'direct audit script': 3, 'run_checks (bare/other)': 3, 'research_batch_dod --selftest': 3, 'test_db_integrity': 2, 'research_batch_dod --all': 2, 'run_checks --battery': 2} tokens 17.0M
357827c3 {'other tests/pytest': 4, 'run_checks --changed-from': 4, 'run_checks (bare/other)': 2, 'run_checks --list': 2, 'run_checks --selftest': 2, 'test_db_integrity': 2, 'direct audit script': 1} tokens 2.3M
3ff1e851 {'direct audit script': 65, 'test_db_integrity': 26, 'research_batch_dod --session': 17, 'preflight.sh': 10, 'run_checks --selftest': 9, 'run_checks --changed-from': 3, 'run_checks --list': 2, 'run_checks --all': 1, 'run_checks --battery': 1, 'run_checks (bare/other)': 1} tokens 38.8M
556a3270 {'direct audit script': 266, 'test_db_integrity': 87, 'run_checks --changed-from': 45, 'other tests/pytest': 45, 'research_batch_dod --session': 26, 'run_checks --selftest': 23, 'run_checks (bare/other)': 16, 'run_checks --list': 5, 'preflight.sh': 5, 'research_batch_dod --selftest': 3, 'research_batch_dod --all': 3} tokens 109.4M
616bcdf9 {'test_db_integrity': 104, 'direct audit script': 80, 'research_batch_dod --session': 27, 'run_checks --changed-from': 22, 'run_checks --selftest': 11, 'run_checks --battery': 6, 'run_checks --list': 4, 'run_checks --all': 4, 'research_batch_dod --selftest': 2, 'run_checks (bare/other)': 2} tokens 42.4M
6a6f63cd {'direct audit script': 131, 'research_batch_dod --session': 115, 'run_checks --changed-from': 52, 'test_db_integrity': 44, 'other tests/pytest': 30, 'run_checks --selftest': 25, 'run_checks (bare/other)': 19, 'research_batch_dod --selftest': 12, 'run_checks --list': 8, 'run_checks --battery': 1, 'research_batch_dod --all': 1} tokens 77.0M
94859b50 {'direct audit script': 130, 'run_checks --all': 27, 'run_checks --selftest': 24, 'other tests/pytest': 23, 'run_checks --changed-from': 18, 'preflight.sh': 17, 'research_batch_dod --session': 10, 'run_checks (bare/other)': 9, 'test_db_integrity': 5, 'run_checks --list': 3, 'research_batch_dod --selftest': 1} tokens 58.9M
c73c246b {'direct audit script': 49, 'research_batch_dod --session': 9, 'preflight.sh': 8, 'run_checks --selftest': 8, 'other tests/pytest': 6, 'run_checks (bare/other)': 6, 'run_checks --all': 5, 'test_db_integrity': 5, 'run_checks --changed-from': 3, 'research_batch_dod --selftest': 1, 'run_checks --list': 1} tokens 20.0M
ca1ae452 {'test_db_integrity': 33, 'run_checks --changed-from': 23, 'direct audit script': 17, 'research_batch_dod --session': 13, 'run_checks --selftest': 9, 'run_checks --battery': 4, 'run_checks --list': 3, 'run_checks (bare/other)': 3, 'run_checks --all': 2} tokens 30.3M
cb2e5827 {'direct audit script': 31, 'other tests/pytest': 29, 'run_checks --changed-from': 21, 'research_batch_dod --session': 15, 'test_db_integrity': 14, 'run_checks --selftest': 4, 'run_checks --battery': 3, 'run_checks --list': 3, 'research_batch_dod --selftest': 1, 'run_checks --all': 1} tokens 40.3M
d490f3ed {'run_checks --list': 2, 'run_checks --changed-from': 2, 'run_checks --all': 1, 'run_checks --selftest': 1} tokens 0.4M
e124fa82 {'direct audit script': 74, 'other tests/pytest': 12, 'research_batch_dod --session': 7, 'test_db_integrity': 6, 'run_checks --all': 4, 'preflight.sh': 4, 'run_checks --selftest': 3, 'run_checks (bare/other)': 3, 'run_checks --list': 2, 'research_batch_dod --selftest': 1} tokens 6.5M
e63bfb2e {'other tests/pytest': 14, 'test_db_integrity': 11, 'direct audit script': 8, 'run_checks --changed-from': 5, 'research_batch_dod --session': 2} tokens 7.9M
fbab52c8 {'test_db_integrity': 79, 'run_checks (bare/other)': 32, 'research_batch_dod --session': 13, 'run_checks --changed-from': 9, 'run_checks --selftest': 5, 'direct audit script': 5, 'run_checks --battery': 2, 'run_checks --kinds': 2} tokens 21.6M

# run_checks: per-check status across every observed output (local runs; CI ::error:: lines separately)
registered active checks: 76 (quarantined 5)
WENT RED at least once (43): site_pages_fresh[a]x328, retired_vocabulary[a]x314, test_verification_pipeline[a]x302, validate_pydantic_schemas[a]x288, metadata_integrity_audit[a]x206, validate_reasoning[a]x191, source_locators_integrity[a]x169, research_protocol_audit[a]x135, context_map_fresh[a]x120, author_fidelity[a]x115, validate_schema_cross_check[a]x101, test_directness_2_2[a]x54, validate_parameters[a]x49, research_dod[a]x47, pipeline_completeness_fresh[b]x30, test_db_integrity[b]x15, derivation_handshake_integrity[a]x9, extraction_relations_integrity[b]x9, pipeline_walk_fresh[a]x9, evidentiary_audit_fresh[b]x8, attestation_evidence[a]x6, schema_walkability_fresh[a]x6, migration_reproducibility[b]x5, migration_reproducibility_deep[a]x5, validate_verification_consistency[b]x5, test_assess_cell_pilot[a]x4, pipeline_contract_audit[a]x3, test_validate_evidence_state_2_4[a]x3, attestation_verdict[i]x2, check_json[b]x2, citation_mining_session[a]x2, column_vocabulary_audit[b]x2, db_path_env_audit[b]x2, research_dod_session[b]x2, test_pipeline_contract[a]x2, validate_evidence_state[b]x2, citation_mining_backlog_t2[i]x1, derived_not_curated_audit[b]x1, identifier_floor_audit[b]x1, research_dod_selftest[b]x1, test_evidence_cell_state_2_3[a]x1, test_graph_audit[a]x1, test_url_verifier[a]x1
ONLY EVER NOTHING-IN-SCOPE, never PASS or FAIL (4): medical_lens_integrity[advisory] obs=126, pmp_audit[advisory] obs=161, population_integrity_audit[advisory] obs=160, reasoning_doc_citations_audit[advisory] obs=161
NEVER RED (29) — id[level] observations/PASS/NONE:
   attestation_schema                         blocking      obs=  99 pass=   4 none=95
   attestation_presence                       blocking      obs=  98 pass=   4 none=94
   judgment_handoff_shape                     blocking      obs=  89 pass=  89 none=0
   render_audit_browser                       advisory      obs=  78 pass=  78 none=0
   source_slug_links_duplicates               blocking      obs=  30 pass=   8 none=22
   test_record_command_session                advisory      obs=  27 pass=  27 none=0
   research_contract_baseline_ratchet         blocking      obs=  26 pass=  26 none=0
   graph_audit                                advisory      obs=  22 pass=  22 none=0
   gap_mining_audit                           advisory      obs=  18 pass=  18 none=0
   research_contract_sync                     blocking      obs=  17 pass=  17 none=0
   check_yaml                                 blocking      obs=  13 pass=  13 none=0
   check_utf8_md                              blocking      obs=  11 pass=  11 none=0
   claims_docket                              advisory      obs=  11 pass=  11 none=0
   claude_md_spine                            blocking      obs=  11 pass=  11 none=0
   matrix_consistency                         advisory      obs=  11 pass=  11 none=0
   validate_bpc                               blocking      obs=  11 pass=  11 none=0
   readonly_db_open_audit                     advisory      obs=  10 pass=  10 none=0
   schema_reference_audit                     blocking      obs=  10 pass=  10 none=0
   decision_capture                           blocking      obs=   9 pass=   9 none=0
   doctrine_recheck                           blocking      obs=   9 pass=   9 none=0
   validate_cross_refs                        blocking      obs=   9 pass=   9 none=0
   alias_provenance_audit                     blocking      obs=   7 pass=   7 none=0
   audit_adversarial_use                      blocking      obs=   7 pass=   7 none=0
   validate_population                        advisory      obs=   7 pass=   7 none=0
   validate_axes                              blocking      obs=   6 pass=   6 none=0
   validate_jurisdiction                      blocking      obs=   6 pass=   6 none=0
   audit_evidence_metadata                    advisory      obs=   4 pass=   4 none=0
   jurisdiction_db_vocabulary                 blocking      obs=   1 pass=   1 none=0
   claude_skills_loadable                     advisory      obs=   0 pass=   0 none=0
status ids seen in output but not in current registry: ['AGGREGATE', 'C1', 'C1b', 'C2', 'C3', 'C4', 'C5', 'C6', 'C7', 'C8', 'C9', 'CHECK', 'CODE', 'D', 'FK', 'MD', 'NOT_ASSESSED', 'PARTIAL', 'PRAGMA', 'REF', 'SCALE_FROM_RECOMMENDATION', 'SPECIFIC', 'UNIQUE', 'WITHIN', 'WRITABLE_TABLES', 'a', 'all', 'b', 'both', 'c', 'check_directness_record', 'check_rendered_docs', 'clean', 'convergence', 'convergent', 'discounted', 'divergent', 'e2e', 'fixture', 'gate']
CI failure lines: {}

# test_db_integrity: per-test outcomes
tests observed 79; never failed 52; failed at least once: A07x1, B05x1, B06x5, C02x2, C03x1, C04x8, C06x5, C08x5, C10x5, D05x1, G01x1, G02x3, G03x2, H02x4, H07x1, I1x1, I3x3, I3bx3, I4x3, K01x7, K02x12, L01x3, L02x2, L04x3, M01x3, M02x1, M03x1
tests declared literally in source now: 62; never observed failing among them: 38

# research_batch_dod rules (explicit invocations only)
  R1: pass=31 fail=21
  R2: pass=37 fail=8
  R3: pass=43 fail=6
  R4: pass=43 fail=7
  R5: pass=44 fail=3
  R6: pass=46 fail=2
  R7: pass=49 fail=10
  R8: pass=49 fail=2
  R9: pass=49 fail=2
  R10: pass=52 fail=2
  R11: pass=56 fail=2
  R12: pass=56 fail=2
  R13: pass=69 fail=5
  R14: pass=64 fail=2
  R15: pass=74 fail=2
  R9a: pass=40 fail=30
  R9b: pass=43 fail=24
  R10b: pass=49 fail=6

# chronic reds: PASS vs FAIL observations for checks red >=100 times
  validate_schema_cross_check      advisory   pass=5 fail=101 none=5
  validate_pydantic_schemas        advisory   pass=0 fail=288 none=0
  author_fidelity                  advisory   pass=7 fail=115 none=0
  retired_vocabulary               advisory   pass=0 fail=314 none=0
  research_protocol_audit          advisory   pass=12 fail=135 none=0
  metadata_integrity_audit         advisory   pass=0 fail=206 none=21
  validate_reasoning               advisory   pass=0 fail=191 none=0
  test_verification_pipeline       advisory   pass=0 fail=302 none=0
  context_map_fresh                advisory   pass=45 fail=120 none=0
  site_pages_fresh                 advisory   pass=0 fail=328 none=0
  source_locators_integrity        advisory   pass=0 fail=169 none=0
